------------------------------------------------------------
TimeQuest Timing Analyzer Summary
------------------------------------------------------------

Type  : Slow 1200mV 85C Model Setup 'DE0_SOPC_inst|the_pll|the_pll|altpll_component|auto_generated|pll1|clk[0]'
Slack : 6.864
TNS   : 0.000

Type  : Slow 1200mV 85C Model Setup 'CLOCK_50'
Slack : 16.735
TNS   : 0.000

Type  : Slow 1200mV 85C Model Setup 'altera_reserved_tck'
Slack : 46.672
TNS   : 0.000

Type  : Slow 1200mV 85C Model Setup 'DE0_SOPC_inst|the_pll|the_pll|altpll_component|auto_generated|pll1|clk[2]'
Slack : 87.542
TNS   : 0.000

Type  : Slow 1200mV 85C Model Hold 'DE0_SOPC_inst|the_pll|the_pll|altpll_component|auto_generated|pll1|clk[0]'
Slack : 0.277
TNS   : 0.000

Type  : Slow 1200mV 85C Model Hold 'DE0_SOPC_inst|the_pll|the_pll|altpll_component|auto_generated|pll1|clk[2]'
Slack : 0.319
TNS   : 0.000

Type  : Slow 1200mV 85C Model Hold 'CLOCK_50'
Slack : 0.359
TNS   : 0.000

Type  : Slow 1200mV 85C Model Hold 'altera_reserved_tck'
Slack : 0.359
TNS   : 0.000

Type  : Slow 1200mV 85C Model Recovery 'DE0_SOPC_inst|the_pll|the_pll|altpll_component|auto_generated|pll1|clk[0]'
Slack : 6.296
TNS   : 0.000

Type  : Slow 1200mV 85C Model Recovery 'DE0_SOPC_inst|the_pll|the_pll|altpll_component|auto_generated|pll1|clk[2]'
Slack : 12.130
TNS   : 0.000

Type  : Slow 1200mV 85C Model Recovery 'CLOCK_50'
Slack : 15.921
TNS   : 0.000

Type  : Slow 1200mV 85C Model Recovery 'altera_reserved_tck'
Slack : 48.105
TNS   : 0.000

Type  : Slow 1200mV 85C Model Removal 'CLOCK_50'
Slack : 0.570
TNS   : 0.000

Type  : Slow 1200mV 85C Model Removal 'altera_reserved_tck'
Slack : 0.886
TNS   : 0.000

Type  : Slow 1200mV 85C Model Removal 'DE0_SOPC_inst|the_pll|the_pll|altpll_component|auto_generated|pll1|clk[0]'
Slack : 1.731
TNS   : 0.000

Type  : Slow 1200mV 85C Model Removal 'DE0_SOPC_inst|the_pll|the_pll|altpll_component|auto_generated|pll1|clk[2]'
Slack : 2.584
TNS   : 0.000

Type  : Slow 1200mV 85C Model Minimum Pulse Width 'CLOCK_50'
Slack : 9.591
TNS   : 0.000

Type  : Slow 1200mV 85C Model Minimum Pulse Width 'DE0_SOPC_inst|the_pll|the_pll|altpll_component|auto_generated|pll1|clk[0]'
Slack : 9.651
TNS   : 0.000

Type  : Slow 1200mV 85C Model Minimum Pulse Width 'CLOCK_50_2'
Slack : 16.000
TNS   : 0.000

Type  : Slow 1200mV 85C Model Minimum Pulse Width 'altera_reserved_tck'
Slack : 49.527
TNS   : 0.000

Type  : Slow 1200mV 85C Model Minimum Pulse Width 'DE0_SOPC_inst|the_pll|the_pll|altpll_component|auto_generated|pll1|clk[2]'
Slack : 49.734
TNS   : 0.000

Type  : Slow 1200mV 0C Model Setup 'DE0_SOPC_inst|the_pll|the_pll|altpll_component|auto_generated|pll1|clk[0]'
Slack : 7.172
TNS   : 0.000

Type  : Slow 1200mV 0C Model Setup 'CLOCK_50'
Slack : 17.049
TNS   : 0.000

Type  : Slow 1200mV 0C Model Setup 'altera_reserved_tck'
Slack : 47.084
TNS   : 0.000

Type  : Slow 1200mV 0C Model Setup 'DE0_SOPC_inst|the_pll|the_pll|altpll_component|auto_generated|pll1|clk[2]'
Slack : 88.746
TNS   : 0.000

Type  : Slow 1200mV 0C Model Hold 'DE0_SOPC_inst|the_pll|the_pll|altpll_component|auto_generated|pll1|clk[0]'
Slack : 0.271
TNS   : 0.000

Type  : Slow 1200mV 0C Model Hold 'DE0_SOPC_inst|the_pll|the_pll|altpll_component|auto_generated|pll1|clk[2]'
Slack : 0.308
TNS   : 0.000

Type  : Slow 1200mV 0C Model Hold 'altera_reserved_tck'
Slack : 0.310
TNS   : 0.000

Type  : Slow 1200mV 0C Model Hold 'CLOCK_50'
Slack : 0.313
TNS   : 0.000

Type  : Slow 1200mV 0C Model Recovery 'DE0_SOPC_inst|the_pll|the_pll|altpll_component|auto_generated|pll1|clk[0]'
Slack : 6.707
TNS   : 0.000

Type  : Slow 1200mV 0C Model Recovery 'DE0_SOPC_inst|the_pll|the_pll|altpll_component|auto_generated|pll1|clk[2]'
Slack : 12.906
TNS   : 0.000

Type  : Slow 1200mV 0C Model Recovery 'CLOCK_50'
Slack : 16.312
TNS   : 0.000

Type  : Slow 1200mV 0C Model Recovery 'altera_reserved_tck'
Slack : 48.381
TNS   : 0.000

Type  : Slow 1200mV 0C Model Removal 'CLOCK_50'
Slack : 0.639
TNS   : 0.000

Type  : Slow 1200mV 0C Model Removal 'altera_reserved_tck'
Slack : 0.790
TNS   : 0.000

Type  : Slow 1200mV 0C Model Removal 'DE0_SOPC_inst|the_pll|the_pll|altpll_component|auto_generated|pll1|clk[0]'
Slack : 1.572
TNS   : 0.000

Type  : Slow 1200mV 0C Model Removal 'DE0_SOPC_inst|the_pll|the_pll|altpll_component|auto_generated|pll1|clk[2]'
Slack : 2.313
TNS   : 0.000

Type  : Slow 1200mV 0C Model Minimum Pulse Width 'CLOCK_50'
Slack : 9.587
TNS   : 0.000

Type  : Slow 1200mV 0C Model Minimum Pulse Width 'DE0_SOPC_inst|the_pll|the_pll|altpll_component|auto_generated|pll1|clk[0]'
Slack : 9.682
TNS   : 0.000

Type  : Slow 1200mV 0C Model Minimum Pulse Width 'CLOCK_50_2'
Slack : 16.000
TNS   : 0.000

Type  : Slow 1200mV 0C Model Minimum Pulse Width 'altera_reserved_tck'
Slack : 49.482
TNS   : 0.000

Type  : Slow 1200mV 0C Model Minimum Pulse Width 'DE0_SOPC_inst|the_pll|the_pll|altpll_component|auto_generated|pll1|clk[2]'
Slack : 49.739
TNS   : 0.000

Type  : Fast 1200mV 0C Model Setup 'DE0_SOPC_inst|the_pll|the_pll|altpll_component|auto_generated|pll1|clk[0]'
Slack : 8.196
TNS   : 0.000

Type  : Fast 1200mV 0C Model Setup 'CLOCK_50'
Slack : 18.046
TNS   : 0.000

Type  : Fast 1200mV 0C Model Setup 'altera_reserved_tck'
Slack : 48.464
TNS   : 0.000

Type  : Fast 1200mV 0C Model Setup 'DE0_SOPC_inst|the_pll|the_pll|altpll_component|auto_generated|pll1|clk[2]'
Slack : 92.534
TNS   : 0.000

Type  : Fast 1200mV 0C Model Hold 'DE0_SOPC_inst|the_pll|the_pll|altpll_component|auto_generated|pll1|clk[0]'
Slack : 0.133
TNS   : 0.000

Type  : Fast 1200mV 0C Model Hold 'DE0_SOPC_inst|the_pll|the_pll|altpll_component|auto_generated|pll1|clk[2]'
Slack : 0.175
TNS   : 0.000

Type  : Fast 1200mV 0C Model Hold 'altera_reserved_tck'
Slack : 0.184
TNS   : 0.000

Type  : Fast 1200mV 0C Model Hold 'CLOCK_50'
Slack : 0.187
TNS   : 0.000

Type  : Fast 1200mV 0C Model Recovery 'DE0_SOPC_inst|the_pll|the_pll|altpll_component|auto_generated|pll1|clk[0]'
Slack : 7.785
TNS   : 0.000

Type  : Fast 1200mV 0C Model Recovery 'DE0_SOPC_inst|the_pll|the_pll|altpll_component|auto_generated|pll1|clk[2]'
Slack : 15.343
TNS   : 0.000

Type  : Fast 1200mV 0C Model Recovery 'CLOCK_50'
Slack : 17.605
TNS   : 0.000

Type  : Fast 1200mV 0C Model Recovery 'altera_reserved_tck'
Slack : 49.225
TNS   : 0.000

Type  : Fast 1200mV 0C Model Removal 'CLOCK_50'
Slack : 0.234
TNS   : 0.000

Type  : Fast 1200mV 0C Model Removal 'altera_reserved_tck'
Slack : 0.494
TNS   : 0.000

Type  : Fast 1200mV 0C Model Removal 'DE0_SOPC_inst|the_pll|the_pll|altpll_component|auto_generated|pll1|clk[0]'
Slack : 0.976
TNS   : 0.000

Type  : Fast 1200mV 0C Model Removal 'DE0_SOPC_inst|the_pll|the_pll|altpll_component|auto_generated|pll1|clk[2]'
Slack : 1.467
TNS   : 0.000

Type  : Fast 1200mV 0C Model Minimum Pulse Width 'CLOCK_50'
Slack : 9.267
TNS   : 0.000

Type  : Fast 1200mV 0C Model Minimum Pulse Width 'DE0_SOPC_inst|the_pll|the_pll|altpll_component|auto_generated|pll1|clk[0]'
Slack : 9.746
TNS   : 0.000

Type  : Fast 1200mV 0C Model Minimum Pulse Width 'CLOCK_50_2'
Slack : 16.000
TNS   : 0.000

Type  : Fast 1200mV 0C Model Minimum Pulse Width 'altera_reserved_tck'
Slack : 49.301
TNS   : 0.000

Type  : Fast 1200mV 0C Model Minimum Pulse Width 'DE0_SOPC_inst|the_pll|the_pll|altpll_component|auto_generated|pll1|clk[2]'
Slack : 49.746
TNS   : 0.000

------------------------------------------------------------
