Flow report for DE0_TOP
Tue Mar 13 20:33:15 2012
Quartus II Version 11.0 Build 208 07/03/2011 Service Pack 1 SJ Full Version


---------------------
; Table of Contents ;
---------------------
  1. Legal Notice
  2. Flow Summary
  3. Flow Settings
  4. Flow Non-Default Global Settings
  5. Flow Elapsed Time
  6. Flow OS Summary
  7. Flow Log



----------------
; Legal Notice ;
----------------
Copyright (C) 1991-2011 Altera Corporation
Your use of Altera Corporation's design tools, logic functions 
and other software and tools, and its AMPP partner logic 
functions, and any output files from any of the foregoing 
(including device programming or simulation files), and any 
associated documentation or information are expressly subject 
to the terms and conditions of the Altera Program License 
Subscription Agreement, Altera MegaCore Function License 
Agreement, or other applicable license agreement, including, 
without limitation, that your use is for the sole purpose of 
programming logic devices manufactured by Altera and sold by 
Altera or its authorized distributors.  Please refer to the 
applicable agreement for further details.



+-------------------------------------------------------------------------------------+
; Flow Summary                                                                        ;
+------------------------------------+------------------------------------------------+
; Flow Status                        ; Successful - Tue Mar 13 20:33:03 2012          ;
; Quartus II Version                 ; 11.0 Build 208 07/03/2011 SP 1 SJ Full Version ;
; Revision Name                      ; DE0_TOP                                        ;
; Top-level Entity Name              ; DE0_TOP                                        ;
; Family                             ; Cyclone III                                    ;
; Device                             ; EP3C16F484C6                                   ;
; Timing Models                      ; Final                                          ;
; Total logic elements               ; 4,537 / 15,408 ( 29 % )                        ;
;     Total combinational functions  ; 4,000 / 15,408 ( 26 % )                        ;
;     Dedicated logic registers      ; 2,617 / 15,408 ( 17 % )                        ;
; Total registers                    ; 2757                                           ;
; Total pins                         ; 257 / 347 ( 74 % )                             ;
; Total virtual pins                 ; 0                                              ;
; Total memory bits                  ; 263,968 / 516,096 ( 51 % )                     ;
; Embedded Multiplier 9-bit elements ; 0 / 112 ( 0 % )                                ;
; Total PLLs                         ; 1 / 4 ( 25 % )                                 ;
+------------------------------------+------------------------------------------------+


+-----------------------------------------+
; Flow Settings                           ;
+-------------------+---------------------+
; Option            ; Setting             ;
+-------------------+---------------------+
; Start date & time ; 03/13/2012 20:31:43 ;
; Main task         ; Compilation         ;
; Revision Name     ; DE0_TOP             ;
+-------------------+---------------------+


+---------------------------------------------------------------------------------------------------------------------------------------------------------------+
; Flow Non-Default Global Settings                                                                                                                              ;
+-------------------------------------+------------------------------------------------------------------------------+---------------+-------------+------------+
; Assignment Name                     ; Value                                                                        ; Default Value ; Entity Name ; Section Id ;
+-------------------------------------+------------------------------------------------------------------------------+---------------+-------------+------------+
; COMPILER_SIGNATURE_ID               ; 48549624917662.133167070307481                                               ; --            ; --          ; --         ;
; IP_TOOL_NAME                        ; RAM: 2-PORT                                                                  ; --            ; --          ; --         ;
; IP_TOOL_VERSION                     ; 8.0                                                                          ; --            ; --          ; --         ;
; MAX_CORE_JUNCTION_TEMP              ; 85                                                                           ; --            ; --          ; --         ;
; MIN_CORE_JUNCTION_TEMP              ; 0                                                                            ; --            ; --          ; --         ;
; MISC_FILE                           ; ip/altera_up_sd_card_avalon_interface/hdl/Altera_UP_SD_Card_Memory_Block.bsf ; --            ; --          ; --         ;
; MISC_FILE                           ; ip/altera_up_sd_card_avalon_interface/hdl/Altera_UP_SD_Card_Memory_Block.cmp ; --            ; --          ; --         ;
; PARTITION_COLOR                     ; 14622752                                                                     ; --            ; --          ; Top        ;
; PARTITION_FITTER_PRESERVATION_LEVEL ; PLACEMENT_AND_ROUTING                                                        ; --            ; --          ; Top        ;
; PARTITION_NETLIST_TYPE              ; SOURCE                                                                       ; --            ; --          ; Top        ;
; POWER_BOARD_THERMAL_MODEL           ; None (CONSERVATIVE)                                                          ; --            ; --          ; --         ;
; POWER_PRESET_COOLING_SOLUTION       ; 23 MM HEAT SINK WITH 200 LFPM AIRFLOW                                        ; --            ; --          ; --         ;
; SEARCH_PATH                         ; /home/netlab/prhemery/Altera_Systems_Labs/De0_Counter/ip                     ; --            ; --          ; --         ;
; SOPC_BUILDER_SIGNATURE_ID           ; 2C27D725AE9E000001360DBF3B07                                                 ; --            ; --          ; --         ;
; USE_GENERATED_PHYSICAL_CONSTRAINTS  ; Off                                                                          ; --            ; --          ; eda_palace ;
+-------------------------------------+------------------------------------------------------------------------------+---------------+-------------+------------+


+-------------------------------------------------------------------------------------------------------------------------------+
; Flow Elapsed Time                                                                                                             ;
+---------------------------+--------------+-------------------------+---------------------+------------------------------------+
; Module Name               ; Elapsed Time ; Average Processors Used ; Peak Virtual Memory ; Total CPU Time (on all processors) ;
+---------------------------+--------------+-------------------------+---------------------+------------------------------------+
; Analysis & Synthesis      ; 00:00:34     ; 1.0                     ; --                  ; 00:00:29                           ;
; Fitter                    ; 00:00:34     ; 1.6                     ; --                  ; 00:00:35                           ;
; Assembler                 ; 00:00:02     ; 1.0                     ; --                  ; 00:00:02                           ;
; TimeQuest Timing Analyzer ; 00:00:15     ; 1.0                     ; --                  ; 00:00:14                           ;
; Total                     ; 00:01:25     ; --                      ; --                  ; 00:01:20                           ;
+---------------------------+--------------+-------------------------+---------------------+------------------------------------+


+--------------------------------------------------------------------------------------------------------------+
; Flow OS Summary                                                                                              ;
+---------------------------+--------------------------------------+-------------+------------+----------------+
; Module Name               ; Machine Hostname                     ; OS Name     ; OS Version ; Processor type ;
+---------------------------+--------------------------------------+-------------+------------+----------------+
; Analysis & Synthesis      ; rincewindlinux.netlab.cems.uwe.ac.uk ; Fedora Core ; 14         ; i686           ;
; Fitter                    ; rincewindlinux.netlab.cems.uwe.ac.uk ; Fedora Core ; 14         ; i686           ;
; Assembler                 ; rincewindlinux.netlab.cems.uwe.ac.uk ; Fedora Core ; 14         ; i686           ;
; TimeQuest Timing Analyzer ; rincewindlinux.netlab.cems.uwe.ac.uk ; Fedora Core ; 14         ; i686           ;
+---------------------------+--------------------------------------+-------------+------------+----------------+


------------
; Flow Log ;
------------
quartus_map --read_settings_files=on --write_settings_files=off DE0_TOP -c DE0_TOP
quartus_fit --read_settings_files=off --write_settings_files=off DE0_TOP -c DE0_TOP
quartus_asm --read_settings_files=off --write_settings_files=off DE0_TOP -c DE0_TOP
quartus_sta DE0_TOP -c DE0_TOP



